============================= test session starts ==============================
platform darwin -- Python 3.13.9, pytest-9.0.3, pluggy-1.6.0 -- /Library/Frameworks/Python.framework/Versions/3.13/bin/python3.13
cachedir: .pytest_cache
rootdir: /Users/sanketshakya/Downloads/Assignment/ai-video-studio/backend
configfile: pyproject.toml
plugins: anyio-4.11.0, cov-7.1.0, asyncio-1.4.0
asyncio: mode=Mode.AUTO, debug=False, asyncio_default_fixture_loop_scope=None, asyncio_default_test_loop_scope=function
collecting ... collected 5 items

tests/test_videos.py::test_health_check PASSED                           [ 20%]
tests/test_videos.py::test_generate_video_success FAILED                 [ 40%]
tests/test_videos.py::test_generate_video_validation_error PASSED        [ 60%]
tests/test_videos.py::test_generate_video_invalid_style PASSED           [ 80%]
tests/test_videos.py::test_delete_video FAILED                           [100%]

=================================== FAILURES ===================================
_________________________ test_generate_video_success __________________________
tests/test_videos.py:14: in test_generate_video_success
    response = await client.post("/videos/generate", json={
/Library/Frameworks/Python.framework/Versions/3.13/lib/python3.13/site-packages/httpx/_client.py:1859: in post
    return await self.request(
/Library/Frameworks/Python.framework/Versions/3.13/lib/python3.13/site-packages/httpx/_client.py:1540: in request
    return await self.send(request, auth=auth, follow_redirects=follow_redirects)
           ^^^^^^^^^^^^^^^^^^^^^^^^^^^^^^^^^^^^^^^^^^^^^^^^^^^^^^^^^^^^^^^^^^^^^^
/Library/Frameworks/Python.framework/Versions/3.13/lib/python3.13/site-packages/httpx/_client.py:1629: in send
    response = await self._send_handling_auth(
/Library/Frameworks/Python.framework/Versions/3.13/lib/python3.13/site-packages/httpx/_client.py:1657: in _send_handling_auth
    response = await self._send_handling_redirects(
/Library/Frameworks/Python.framework/Versions/3.13/lib/python3.13/site-packages/httpx/_client.py:1694: in _send_handling_redirects
    response = await self._send_single_request(request)
               ^^^^^^^^^^^^^^^^^^^^^^^^^^^^^^^^^^^^^^^^
/Library/Frameworks/Python.framework/Versions/3.13/lib/python3.13/site-packages/httpx/_client.py:1730: in _send_single_request
    response = await transport.handle_async_request(request)
               ^^^^^^^^^^^^^^^^^^^^^^^^^^^^^^^^^^^^^^^^^^^^^
/Library/Frameworks/Python.framework/Versions/3.13/lib/python3.13/site-packages/httpx/_transports/asgi.py:170: in handle_async_request
    await self.app(scope, receive, send)
/Library/Frameworks/Python.framework/Versions/3.13/lib/python3.13/site-packages/fastapi/applications.py:1163: in __call__
    await super().__call__(scope, receive, send)
/Library/Frameworks/Python.framework/Versions/3.13/lib/python3.13/site-packages/starlette/applications.py:90: in __call__
    await self.middleware_stack(scope, receive, send)
/Library/Frameworks/Python.framework/Versions/3.13/lib/python3.13/site-packages/starlette/middleware/errors.py:186: in __call__
    raise exc
/Library/Frameworks/Python.framework/Versions/3.13/lib/python3.13/site-packages/starlette/middleware/errors.py:164: in __call__
    await self.app(scope, receive, _send)
/Library/Frameworks/Python.framework/Versions/3.13/lib/python3.13/site-packages/starlette/middleware/cors.py:88: in __call__
    await self.app(scope, receive, send)
/Library/Frameworks/Python.framework/Versions/3.13/lib/python3.13/site-packages/starlette/middleware/exceptions.py:63: in __call__
    await wrap_app_handling_exceptions(self.app, conn)(scope, receive, send)
/Library/Frameworks/Python.framework/Versions/3.13/lib/python3.13/site-packages/starlette/_exception_handler.py:53: in wrapped_app
    raise exc
/Library/Frameworks/Python.framework/Versions/3.13/lib/python3.13/site-packages/starlette/_exception_handler.py:42: in wrapped_app
    await app(scope, receive, sender)
/Library/Frameworks/Python.framework/Versions/3.13/lib/python3.13/site-packages/fastapi/middleware/asyncexitstack.py:18: in __call__
    await self.app(scope, receive, send)
/Library/Frameworks/Python.framework/Versions/3.13/lib/python3.13/site-packages/starlette/routing.py:660: in __call__
    await self.middleware_stack(scope, receive, send)
/Library/Frameworks/Python.framework/Versions/3.13/lib/python3.13/site-packages/fastapi/routing.py:2734: in app
    await route.handle(scope, receive, send)
/Library/Frameworks/Python.framework/Versions/3.13/lib/python3.13/site-packages/fastapi/routing.py:1780: in handle
    await self.original_router.handle(scope, receive, send)
/Library/Frameworks/Python.framework/Versions/3.13/lib/python3.13/site-packages/fastapi/routing.py:2789: in handle
    await included_router._handle_selected(scope, receive, send)
/Library/Frameworks/Python.framework/Versions/3.13/lib/python3.13/site-packages/fastapi/routing.py:1800: in _handle_selected
    await original_route.handle(scope, receive, send)
/Library/Frameworks/Python.framework/Versions/3.13/lib/python3.13/site-packages/fastapi/routing.py:1279: in handle
    await app(scope, receive, send)
/Library/Frameworks/Python.framework/Versions/3.13/lib/python3.13/site-packages/fastapi/routing.py:158: in app
    await wrap_app_handling_exceptions(app, request)(scope, receive, send)
/Library/Frameworks/Python.framework/Versions/3.13/lib/python3.13/site-packages/starlette/_exception_handler.py:53: in wrapped_app
    raise exc
/Library/Frameworks/Python.framework/Versions/3.13/lib/python3.13/site-packages/starlette/_exception_handler.py:42: in wrapped_app
    await app(scope, receive, sender)
/Library/Frameworks/Python.framework/Versions/3.13/lib/python3.13/site-packages/fastapi/routing.py:144: in app
    response = await f(request)
               ^^^^^^^^^^^^^^^^
/Library/Frameworks/Python.framework/Versions/3.13/lib/python3.13/site-packages/fastapi/routing.py:706: in app
    raw_response = await run_endpoint_function(
/Library/Frameworks/Python.framework/Versions/3.13/lib/python3.13/site-packages/fastapi/routing.py:352: in run_endpoint_function
    return await dependant.call(**values)
           ^^^^^^^^^^^^^^^^^^^^^^^^^^^^^^
app/api/routes/videos.py:48: in generate_video
    response = VideoResponse.model_validate(video, from_attributes=True)
               ^^^^^^^^^^^^^^^^^^^^^^^^^^^^^^^^^^^^^^^^^^^^^^^^^^^^^^^^^
E   pydantic_core._pydantic_core.ValidationError: 1 validation error for VideoResponse
E   id
E     Input should be a valid string [type=string_type, input_value=UUID('03bdd0cb-038b-4e68-be07-85e7ce358714'), input_type=UUID]
E       For further information visit https://errors.pydantic.dev/2.12/v/string_type
----------------------------- Captured stdout call -----------------------------
2026-09-10 15:22:12 [info     ] video_created                  generation_id=03bdd0cb-038b-4e68-be07-85e7ce358714 status=queued
2026-09-10 15:22:12 [info     ] mock_generation_submitted      prompt_length=19 provider_job_id=mock-c28096f77ea0
2026-09-10 15:22:12 [info     ] video_status_updated           generation_id=03bdd0cb-038b-4e68-be07-85e7ce358714 new_status=queued
2026-09-10 15:22:12 [info     ] generation_submitted           generation_id=03bdd0cb-038b-4e68-be07-85e7ce358714 provider=mock provider_job_id=mock-c28096f77ea0
2026-09-10 15:22:12 [error    ] unhandled_exception            error="1 validation error for VideoResponse\nid\n  Input should be a valid string [type=string_type, input_value=UUID('03bdd0cb-038b-4e68-be07-85e7ce358714'), input_type=UUID]\n    For further information visit https://errors.pydantic.dev/2.12/v/string_type" error_type=ValidationError path=http://test/api/v1/videos/generate
______________________________ test_delete_video _______________________________
tests/test_videos.py:56: in test_delete_video
    create_resp = await client.post("/videos/generate", json={
/Library/Frameworks/Python.framework/Versions/3.13/lib/python3.13/site-packages/httpx/_client.py:1859: in post
    return await self.request(
/Library/Frameworks/Python.framework/Versions/3.13/lib/python3.13/site-packages/httpx/_client.py:1540: in request
    return await self.send(request, auth=auth, follow_redirects=follow_redirects)
           ^^^^^^^^^^^^^^^^^^^^^^^^^^^^^^^^^^^^^^^^^^^^^^^^^^^^^^^^^^^^^^^^^^^^^^
/Library/Frameworks/Python.framework/Versions/3.13/lib/python3.13/site-packages/httpx/_client.py:1629: in send
    response = await self._send_handling_auth(
/Library/Frameworks/Python.framework/Versions/3.13/lib/python3.13/site-packages/httpx/_client.py:1657: in _send_handling_auth
    response = await self._send_handling_redirects(
/Library/Frameworks/Python.framework/Versions/3.13/lib/python3.13/site-packages/httpx/_client.py:1694: in _send_handling_redirects
    response = await self._send_single_request(request)
               ^^^^^^^^^^^^^^^^^^^^^^^^^^^^^^^^^^^^^^^^
/Library/Frameworks/Python.framework/Versions/3.13/lib/python3.13/site-packages/httpx/_client.py:1730: in _send_single_request
    response = await transport.handle_async_request(request)
               ^^^^^^^^^^^^^^^^^^^^^^^^^^^^^^^^^^^^^^^^^^^^^
/Library/Frameworks/Python.framework/Versions/3.13/lib/python3.13/site-packages/httpx/_transports/asgi.py:170: in handle_async_request
    await self.app(scope, receive, send)
/Library/Frameworks/Python.framework/Versions/3.13/lib/python3.13/site-packages/fastapi/applications.py:1163: in __call__
    await super().__call__(scope, receive, send)
/Library/Frameworks/Python.framework/Versions/3.13/lib/python3.13/site-packages/starlette/applications.py:90: in __call__
    await self.middleware_stack(scope, receive, send)
/Library/Frameworks/Python.framework/Versions/3.13/lib/python3.13/site-packages/starlette/middleware/errors.py:186: in __call__
    raise exc
/Library/Frameworks/Python.framework/Versions/3.13/lib/python3.13/site-packages/starlette/middleware/errors.py:164: in __call__
    await self.app(scope, receive, _send)
/Library/Frameworks/Python.framework/Versions/3.13/lib/python3.13/site-packages/starlette/middleware/cors.py:88: in __call__
    await self.app(scope, receive, send)
/Library/Frameworks/Python.framework/Versions/3.13/lib/python3.13/site-packages/starlette/middleware/exceptions.py:63: in __call__
    await wrap_app_handling_exceptions(self.app, conn)(scope, receive, send)
/Library/Frameworks/Python.framework/Versions/3.13/lib/python3.13/site-packages/starlette/_exception_handler.py:53: in wrapped_app
    raise exc
/Library/Frameworks/Python.framework/Versions/3.13/lib/python3.13/site-packages/starlette/_exception_handler.py:42: in wrapped_app
    await app(scope, receive, sender)
/Library/Frameworks/Python.framework/Versions/3.13/lib/python3.13/site-packages/fastapi/middleware/asyncexitstack.py:18: in __call__
    await self.app(scope, receive, send)
/Library/Frameworks/Python.framework/Versions/3.13/lib/python3.13/site-packages/starlette/routing.py:660: in __call__
    await self.middleware_stack(scope, receive, send)
/Library/Frameworks/Python.framework/Versions/3.13/lib/python3.13/site-packages/fastapi/routing.py:2734: in app
    await route.handle(scope, receive, send)
/Library/Frameworks/Python.framework/Versions/3.13/lib/python3.13/site-packages/fastapi/routing.py:1780: in handle
    await self.original_router.handle(scope, receive, send)
/Library/Frameworks/Python.framework/Versions/3.13/lib/python3.13/site-packages/fastapi/routing.py:2789: in handle
    await included_router._handle_selected(scope, receive, send)
/Library/Frameworks/Python.framework/Versions/3.13/lib/python3.13/site-packages/fastapi/routing.py:1800: in _handle_selected
    await original_route.handle(scope, receive, send)
/Library/Frameworks/Python.framework/Versions/3.13/lib/python3.13/site-packages/fastapi/routing.py:1279: in handle
    await app(scope, receive, send)
/Library/Frameworks/Python.framework/Versions/3.13/lib/python3.13/site-packages/fastapi/routing.py:158: in app
    await wrap_app_handling_exceptions(app, request)(scope, receive, send)
/Library/Frameworks/Python.framework/Versions/3.13/lib/python3.13/site-packages/starlette/_exception_handler.py:53: in wrapped_app
    raise exc
/Library/Frameworks/Python.framework/Versions/3.13/lib/python3.13/site-packages/starlette/_exception_handler.py:42: in wrapped_app
    await app(scope, receive, sender)
/Library/Frameworks/Python.framework/Versions/3.13/lib/python3.13/site-packages/fastapi/routing.py:144: in app
    response = await f(request)
               ^^^^^^^^^^^^^^^^
/Library/Frameworks/Python.framework/Versions/3.13/lib/python3.13/site-packages/fastapi/routing.py:706: in app
    raw_response = await run_endpoint_function(
/Library/Frameworks/Python.framework/Versions/3.13/lib/python3.13/site-packages/fastapi/routing.py:352: in run_endpoint_function
    return await dependant.call(**values)
           ^^^^^^^^^^^^^^^^^^^^^^^^^^^^^^
app/api/routes/videos.py:48: in generate_video
    response = VideoResponse.model_validate(video, from_attributes=True)
               ^^^^^^^^^^^^^^^^^^^^^^^^^^^^^^^^^^^^^^^^^^^^^^^^^^^^^^^^^
E   pydantic_core._pydantic_core.ValidationError: 1 validation error for VideoResponse
E   id
E     Input should be a valid string [type=string_type, input_value=UUID('c8e72ce8-aacf-4fbe-b395-266f1bc67f2b'), input_type=UUID]
E       For further information visit https://errors.pydantic.dev/2.12/v/string_type
----------------------------- Captured stdout call -----------------------------
2026-09-10 15:22:12 [info     ] video_created                  generation_id=c8e72ce8-aacf-4fbe-b395-266f1bc67f2b status=queued
2026-09-10 15:22:12 [info     ] mock_generation_submitted      prompt_length=13 provider_job_id=mock-a1b0276c223c
2026-09-10 15:22:12 [info     ] video_status_updated           generation_id=c8e72ce8-aacf-4fbe-b395-266f1bc67f2b new_status=queued
2026-09-10 15:22:12 [info     ] generation_submitted           generation_id=c8e72ce8-aacf-4fbe-b395-266f1bc67f2b provider=mock provider_job_id=mock-a1b0276c223c
2026-09-10 15:22:12 [error    ] unhandled_exception            error="1 validation error for VideoResponse\nid\n  Input should be a valid string [type=string_type, input_value=UUID('c8e72ce8-aacf-4fbe-b395-266f1bc67f2b'), input_type=UUID]\n    For further information visit https://errors.pydantic.dev/2.12/v/string_type" error_type=ValidationError path=http://test/api/v1/videos/generate
=============================== warnings summary ===============================
app/services/prompt/enhancer.py:10
  /Users/sanketshakya/Downloads/Assignment/ai-video-studio/backend/app/services/prompt/enhancer.py:10: FutureWarning: 
  
  All support for the `google.generativeai` package has ended. It will no longer be receiving 
  updates or bug fixes. Please switch to the `google.genai` package as soon as possible.
  See README for more details:
  
  https://github.com/google-gemini/deprecated-generative-ai-python/blob/main/README.md
  
    import google.generativeai as genai

-- Docs: https://docs.pytest.org/en/stable/how-to/capture-warnings.html
=========================== short test summary info ============================
FAILED tests/test_videos.py::test_generate_video_success - pydantic_core._pyd...
FAILED tests/test_videos.py::test_delete_video - pydantic_core._pydantic_core...
==================== 2 failed, 3 passed, 1 warning in 0.34s ====================
